Number of points at initialisation (lidar):  20582
Number of points at initialisation (lidar):  21451
Number of points at initialisation (lidar):  21583
[multiscene-REL] train scenes: ['data_mw_town05_parkinglot', 'data_mw_Town05_CBDcrossroad'] | HOLD-OUT (zero-shot): ['data_mw_Town05_ringroad']
[it    200] loss(ema)=0.10851
[it    400] loss(ema)=0.07176
[it    600] loss(ema)=0.06914
[it    800] loss(ema)=0.07179
[it   1000] loss(ema)=0.06329
[it   1200] loss(ema)=0.06205
[it   1400] loss(ema)=0.05725
[it   1600] loss(ema)=0.05640
[it   1800] loss(ema)=0.06434
[it   2000] loss(ema)=0.05361
[it   2200] loss(ema)=0.05236
[it   2400] loss(ema)=0.05803
[it   2600] loss(ema)=0.05166
[it   2800] loss(ema)=0.05810
[it   3000] loss(ema)=0.05224
[it   3000] TRAIN-scene: {'data_mw_town05_parkinglot': {'ssim': 0.8886, 'az_err_deg': 0.7, 'el_err_deg': 0.8}, 'data_mw_Town05_CBDcrossroad': {'ssim': 0.8869, 'az_err_deg': 2.0, 'el_err_deg': 1.3}}
[it   3000] *** ZERO-SHOT held-out: {'data_mw_Town05_ringroad': {'ssim': 0.7046, 'az_err_deg': 83.0, 'el_err_deg': 2.1}} ***
