Number of points at initialisation (lidar):  21043
Number of points at initialisation (lidar):  22991
Number of points at initialisation (lidar):  16814
Number of points at initialisation (lidar):  19279
Number of points at initialisation (lidar):  15127
Number of points at initialisation (lidar):  21451
Number of points at initialisation (lidar):  20526
Number of points at initialisation (lidar):  20582
Number of points at initialisation (lidar):  21257
Number of points at initialisation (lidar):  21570
Number of points at initialisation (lidar):  22764
Number of points at initialisation (lidar):  16610
Number of points at initialisation (lidar):  22604
Number of points at initialisation (lidar):  21583
Number of points at initialisation (lidar):  15440
Number of points at initialisation (lidar):  22881
[multiscene-REL] train scenes: ['data_mw_Town03_crossroad', 'data_mw_Town03_gastation', 'data_mw_Town03_roundabout', 'data_mw_Town03_Tjunction', 'data_mw_Town05_2skybridge', 'data_mw_Town05_CBDcrossroad', 'data_mw_Town05_Tjunction', 'data_mw_town05_parkinglot', 'data_mw_Town07_crossroad', 'data_mw_Town10_curvyroad', 'data_mw_Town10_Hroad', 'data_mw_Town10_skybridge'] | HOLD-OUT (zero-shot): ['data_mw_Town03_5wayroad', 'data_mw_Town05_ringroad', 'data_mw_Town07_grainsilos', 'data_mw_Town10_crossroad']
[it    200] loss(ema)=0.14452
[it    400] loss(ema)=0.10996
[it    600] loss(ema)=0.08483
[it    800] loss(ema)=0.09151
[it   1000] loss(ema)=0.06906
[it   1200] loss(ema)=0.06689
[it   1400] loss(ema)=0.06385
[it   1600] loss(ema)=0.05901
[it   1800] loss(ema)=0.06578
[it   2000] loss(ema)=0.06744
[it   2200] loss(ema)=0.05776
[it   2400] loss(ema)=0.06016
[it   2600] loss(ema)=0.06919
[it   2800] loss(ema)=0.05034
[it   3000] loss(ema)=0.06024
[it   3000] TRAIN-scene: {'data_mw_Town03_crossroad': {'ssim': 0.8839, 'az_err_deg': 2.2, 'el_err_deg': 1.1}, 'data_mw_Town03_gastation': {'ssim': 0.8737, 'az_err_deg': 2.6, 'el_err_deg': 2.0}, 'data_mw_Town03_roundabout': {'ssim': 0.8908, 'az_err_deg': 3.2, 'el_err_deg': 1.2}, 'data_mw_Town03_Tjunction': {'ssim': 0.8759, 'az_err_deg': 5.4, 'el_err_deg': 1.9}, 'data_mw_Town05_2skybridge': {'ssim': 0.9113, 'az_err_deg': 2.5, 'el_err_deg': 1.0}, 'data_mw_Town05_CBDcrossroad': {'ssim': 0.8784, 'az_err_deg': 2.6, 'el_err_deg': 0.9}, 'data_mw_Town05_Tjunction': {'ssim': 0.8868, 'az_err_deg': 0.8, 'el_err_deg': 2.1}, 'data_mw_town05_parkinglot': {'ssim': 0.881, 'az_err_deg': 2.5, 'el_err_deg': 1.2}, 'data_mw_Town07_crossroad': {'ssim': 0.8714, 'az_err_deg': 2.3, 'el_err_deg': 1.2}, 'data_mw_Town10_curvyroad': {'ssim': 0.8817, 'az_err_deg': 3.0, 'el_err_deg': 1.2}, 'data_mw_Town10_Hroad': {'ssim': 0.88, 'az_err_deg': 0.7, 'el_err_deg': 1.1}, 'data_mw_Town10_skybridge': {'ssim': 0.897, 'az_err_deg': 2.0, 'el_err_deg': 1.2}}
[it   3000] *** ZERO-SHOT held-out: {'data_mw_Town03_5wayroad': {'ssim': 0.8777, 'az_err_deg': 2.3, 'el_err_deg': 1.2}, 'data_mw_Town05_ringroad': {'ssim': 0.8117, 'az_err_deg': 5.2, 'el_err_deg': 2.0}, 'data_mw_Town07_grainsilos': {'ssim': 0.89, 'az_err_deg': 3.8, 'el_err_deg': 0.8}, 'data_mw_Town10_crossroad': {'ssim': 0.8744, 'az_err_deg': 1.6, 'el_err_deg': 1.1}} ***
[it   3200] loss(ema)=0.05692
[it   3400] loss(ema)=0.05343
[it   3600] loss(ema)=0.05314
[it   3800] loss(ema)=0.05365
[it   4000] loss(ema)=0.05364
[it   4200] loss(ema)=0.05893
[it   4400] loss(ema)=0.05496
[it   4600] loss(ema)=0.05001
[it   4800] loss(ema)=0.05610
[it   5000] loss(ema)=0.05204
[it   5200] loss(ema)=0.05076
[it   5400] loss(ema)=0.06093
[it   5600] loss(ema)=0.05170
[it   5800] loss(ema)=0.04663
[it   6000] loss(ema)=0.05482
[it   6000] TRAIN-scene: {'data_mw_Town03_crossroad': {'ssim': 0.8871, 'az_err_deg': 2.5, 'el_err_deg': 1.0}, 'data_mw_Town03_gastation': {'ssim': 0.8798, 'az_err_deg': 2.7, 'el_err_deg': 1.6}, 'data_mw_Town03_roundabout': {'ssim': 0.9008, 'az_err_deg': 2.2, 'el_err_deg': 0.8}, 'data_mw_Town03_Tjunction': {'ssim': 0.8854, 'az_err_deg': 7.2, 'el_err_deg': 1.9}, 'data_mw_Town05_2skybridge': {'ssim': 0.9119, 'az_err_deg': 1.6, 'el_err_deg': 0.9}, 'data_mw_Town05_CBDcrossroad': {'ssim': 0.8887, 'az_err_deg': 3.7, 'el_err_deg': 1.1}, 'data_mw_Town05_Tjunction': {'ssim': 0.8959, 'az_err_deg': 0.9, 'el_err_deg': 0.9}, 'data_mw_town05_parkinglot': {'ssim': 0.8856, 'az_err_deg': 2.9, 'el_err_deg': 1.1}, 'data_mw_Town07_crossroad': {'ssim': 0.877, 'az_err_deg': 1.6, 'el_err_deg': 1.2}, 'data_mw_Town10_curvyroad': {'ssim': 0.8867, 'az_err_deg': 2.0, 'el_err_deg': 0.9}, 'data_mw_Town10_Hroad': {'ssim': 0.8829, 'az_err_deg': 2.7, 'el_err_deg': 1.0}, 'data_mw_Town10_skybridge': {'ssim': 0.9037, 'az_err_deg': 4.8, 'el_err_deg': 1.2}}
[it   6000] *** ZERO-SHOT held-out: {'data_mw_Town03_5wayroad': {'ssim': 0.8831, 'az_err_deg': 1.9, 'el_err_deg': 0.5}, 'data_mw_Town05_ringroad': {'ssim': 0.8308, 'az_err_deg': 4.7, 'el_err_deg': 1.9}, 'data_mw_Town07_grainsilos': {'ssim': 0.8952, 'az_err_deg': 6.0, 'el_err_deg': 0.8}, 'data_mw_Town10_crossroad': {'ssim': 0.8746, 'az_err_deg': 2.1, 'el_err_deg': 0.9}} ***
[it   6200] loss(ema)=0.05501
[it   6400] loss(ema)=0.05036
[it   6600] loss(ema)=0.05268
[it   6800] loss(ema)=0.05642
[it   7000] loss(ema)=0.04763
[it   7200] loss(ema)=0.05217
[it   7400] loss(ema)=0.05379
[it   7600] loss(ema)=0.04331
[it   7800] loss(ema)=0.05437
[it   8000] loss(ema)=0.05008
[it   8200] loss(ema)=0.04499
[it   8400] loss(ema)=0.05082
[it   8600] loss(ema)=0.05072
[it   8800] loss(ema)=0.04299
[it   9000] loss(ema)=0.05614
[it   9000] TRAIN-scene: {'data_mw_Town03_crossroad': {'ssim': 0.8876, 'az_err_deg': 0.7, 'el_err_deg': 1.1}, 'data_mw_Town03_gastation': {'ssim': 0.8841, 'az_err_deg': 1.9, 'el_err_deg': 2.1}, 'data_mw_Town03_roundabout': {'ssim': 0.8975, 'az_err_deg': 3.6, 'el_err_deg': 1.2}, 'data_mw_Town03_Tjunction': {'ssim': 0.8886, 'az_err_deg': 4.9, 'el_err_deg': 2.3}, 'data_mw_Town05_2skybridge': {'ssim': 0.916, 'az_err_deg': 4.6, 'el_err_deg': 1.2}, 'data_mw_Town05_CBDcrossroad': {'ssim': 0.8902, 'az_err_deg': 0.7, 'el_err_deg': 1.4}, 'data_mw_Town05_Tjunction': {'ssim': 0.8987, 'az_err_deg': 2.8, 'el_err_deg': 1.7}, 'data_mw_town05_parkinglot': {'ssim': 0.8881, 'az_err_deg': 0.8, 'el_err_deg': 1.4}, 'data_mw_Town07_crossroad': {'ssim': 0.881, 'az_err_deg': 1.7, 'el_err_deg': 1.4}, 'data_mw_Town10_curvyroad': {'ssim': 0.8839, 'az_err_deg': 2.0, 'el_err_deg': 1.4}, 'data_mw_Town10_Hroad': {'ssim': 0.883, 'az_err_deg': 1.1, 'el_err_deg': 1.3}, 'data_mw_Town10_skybridge': {'ssim': 0.9056, 'az_err_deg': 5.1, 'el_err_deg': 1.8}}
[it   9000] *** ZERO-SHOT held-out: {'data_mw_Town03_5wayroad': {'ssim': 0.8841, 'az_err_deg': 1.5, 'el_err_deg': 1.1}, 'data_mw_Town05_ringroad': {'ssim': 0.832, 'az_err_deg': 5.1, 'el_err_deg': 2.2}, 'data_mw_Town07_grainsilos': {'ssim': 0.896, 'az_err_deg': 3.0, 'el_err_deg': 1.0}, 'data_mw_Town10_crossroad': {'ssim': 0.8774, 'az_err_deg': 1.9, 'el_err_deg': 1.0}} ***
[it   9200] loss(ema)=0.05140
[it   9400] loss(ema)=0.04420
[it   9600] loss(ema)=0.05438
[it   9800] loss(ema)=0.04914
[it  10000] loss(ema)=0.04599
[it  10200] loss(ema)=0.05427
[it  10400] loss(ema)=0.04918
[it  10600] loss(ema)=0.04553
[it  10800] loss(ema)=0.05400
[it  11000] loss(ema)=0.05371
[it  11200] loss(ema)=0.04484
[it  11400] loss(ema)=0.04871
[it  11600] loss(ema)=0.05155
[it  11800] loss(ema)=0.04601
[it  12000] loss(ema)=0.05427
[it  12000] TRAIN-scene: {'data_mw_Town03_crossroad': {'ssim': 0.8872, 'az_err_deg': 1.3, 'el_err_deg': 0.9}, 'data_mw_Town03_gastation': {'ssim': 0.8856, 'az_err_deg': 3.0, 'el_err_deg': 1.5}, 'data_mw_Town03_roundabout': {'ssim': 0.9014, 'az_err_deg': 2.6, 'el_err_deg': 0.7}, 'data_mw_Town03_Tjunction': {'ssim': 0.8942, 'az_err_deg': 6.7, 'el_err_deg': 2.0}, 'data_mw_Town05_2skybridge': {'ssim': 0.9184, 'az_err_deg': 4.5, 'el_err_deg': 0.9}, 'data_mw_Town05_CBDcrossroad': {'ssim': 0.8925, 'az_err_deg': 1.7, 'el_err_deg': 0.7}, 'data_mw_Town05_Tjunction': {'ssim': 0.9002, 'az_err_deg': 0.7, 'el_err_deg': 0.9}, 'data_mw_town05_parkinglot': {'ssim': 0.8914, 'az_err_deg': 0.7, 'el_err_deg': 1.1}, 'data_mw_Town07_crossroad': {'ssim': 0.8804, 'az_err_deg': 0.9, 'el_err_deg': 1.1}, 'data_mw_Town10_curvyroad': {'ssim': 0.892, 'az_err_deg': 1.7, 'el_err_deg': 0.6}, 'data_mw_Town10_Hroad': {'ssim': 0.8893, 'az_err_deg': 2.0, 'el_err_deg': 0.5}, 'data_mw_Town10_skybridge': {'ssim': 0.9092, 'az_err_deg': 4.8, 'el_err_deg': 0.7}}
[it  12000] *** ZERO-SHOT held-out: {'data_mw_Town03_5wayroad': {'ssim': 0.8876, 'az_err_deg': 1.7, 'el_err_deg': 0.7}, 'data_mw_Town05_ringroad': {'ssim': 0.8351, 'az_err_deg': 5.8, 'el_err_deg': 1.9}, 'data_mw_Town07_grainsilos': {'ssim': 0.8971, 'az_err_deg': 5.3, 'el_err_deg': 0.8}, 'data_mw_Town10_crossroad': {'ssim': 0.8768, 'az_err_deg': 3.5, 'el_err_deg': 1.0}} ***
